2025-05-13 00:26:00 - o.p.S.StackoverflowApplication - Starting StackoverflowApplication using Java 23.0.2 with PID 67844 (/Users/piyush/WorkSpace/LLD/Stackoverflow/target/classes started by piyush in /Users/piyush/WorkSpace/LLD/Stackoverflow)
2025-05-13 00:26:00 - o.p.S.StackoverflowApplication - Starting StackoverflowApplication using Java 23.0.2 with PID 67844 (/Users/piyush/WorkSpace/LLD/Stackoverflow/target/classes started by piyush in /Users/piyush/WorkSpace/LLD/Stackoverflow)
2025-05-13 00:26:00 - o.p.S.StackoverflowApplication - No active profile set, falling back to 1 default profile: "default"
2025-05-13 00:26:00 - o.p.S.StackoverflowApplication - No active profile set, falling back to 1 default profile: "default"
2025-05-13 00:26:00 - o.s.b.d.e.DevToolsPropertyDefaultsPostProcessor - Devtools property defaults active! Set 'spring.devtools.add-properties' to 'false' to disable
2025-05-13 00:26:00 - o.s.b.d.e.DevToolsPropertyDefaultsPostProcessor - Devtools property defaults active! Set 'spring.devtools.add-properties' to 'false' to disable
2025-05-13 00:26:00 - o.s.b.d.e.DevToolsPropertyDefaultsPostProcessor - For additional web related logging consider setting the 'logging.level.web' property to 'DEBUG'
2025-05-13 00:26:00 - o.s.b.d.e.DevToolsPropertyDefaultsPostProcessor - For additional web related logging consider setting the 'logging.level.web' property to 'DEBUG'
2025-05-13 00:26:01 - o.s.d.r.c.RepositoryConfigurationDelegate - Bootstrapping Spring Data JPA repositories in DEFAULT mode.
2025-05-13 00:26:01 - o.s.d.r.c.RepositoryConfigurationDelegate - Bootstrapping Spring Data JPA repositories in DEFAULT mode.
2025-05-13 00:26:01 - o.s.d.r.c.RepositoryConfigurationDelegate - Finished Spring Data repository scanning in 21 ms. Found 4 JPA repository interfaces.
2025-05-13 00:26:01 - o.s.d.r.c.RepositoryConfigurationDelegate - Finished Spring Data repository scanning in 21 ms. Found 4 JPA repository interfaces.
2025-05-13 00:26:01 - o.s.b.w.e.tomcat.TomcatWebServer - Tomcat initialized with port 8080 (http)
2025-05-13 00:26:01 - o.s.b.w.e.tomcat.TomcatWebServer - Tomcat initialized with port 8080 (http)
2025-05-13 00:26:01 - o.a.catalina.core.StandardService - Starting service [Tomcat]
2025-05-13 00:26:01 - o.a.catalina.core.StandardService - Starting service [Tomcat]
2025-05-13 00:26:01 - o.a.catalina.core.StandardEngine - Starting Servlet engine: [Apache Tomcat/10.1.40]
2025-05-13 00:26:01 - o.a.catalina.core.StandardEngine - Starting Servlet engine: [Apache Tomcat/10.1.40]
2025-05-13 00:26:01 - o.a.c.c.C.[Tomcat].[localhost].[/] - Initializing Spring embedded WebApplicationContext
2025-05-13 00:26:01 - o.a.c.c.C.[Tomcat].[localhost].[/] - Initializing Spring embedded WebApplicationContext
2025-05-13 00:26:01 - o.s.b.w.s.c.ServletWebServerApplicationContext - Root WebApplicationContext: initialization completed in 808 ms
2025-05-13 00:26:01 - o.s.b.w.s.c.ServletWebServerApplicationContext - Root WebApplicationContext: initialization completed in 808 ms
2025-05-13 00:26:01 - o.h.jpa.internal.util.LogHelper - HHH000204: Processing PersistenceUnitInfo [name: default]
2025-05-13 00:26:01 - o.h.jpa.internal.util.LogHelper - HHH000204: Processing PersistenceUnitInfo [name: default]
2025-05-13 00:26:01 - org.hibernate.Version - HHH000412: Hibernate ORM core version 6.6.13.Final
2025-05-13 00:26:01 - org.hibernate.Version - HHH000412: Hibernate ORM core version 6.6.13.Final
2025-05-13 00:26:01 - o.h.c.i.RegionFactoryInitiator - HHH000026: Second-level cache disabled
2025-05-13 00:26:01 - o.h.c.i.RegionFactoryInitiator - HHH000026: Second-level cache disabled
2025-05-13 00:26:02 - o.s.o.j.p.SpringPersistenceUnitInfo - No LoadTimeWeaver setup: ignoring JPA class transformer
2025-05-13 00:26:02 - o.s.o.j.p.SpringPersistenceUnitInfo - No LoadTimeWeaver setup: ignoring JPA class transformer
2025-05-13 00:26:02 - com.zaxxer.hikari.HikariDataSource - HikariPool-1 - Starting...
2025-05-13 00:26:02 - com.zaxxer.hikari.HikariDataSource - HikariPool-1 - Starting...
2025-05-13 00:26:03 - com.zaxxer.hikari.pool.HikariPool - HikariPool-1 - Added connection org.postgresql.jdbc.PgConnection@297412d4
2025-05-13 00:26:03 - com.zaxxer.hikari.pool.HikariPool - HikariPool-1 - Added connection org.postgresql.jdbc.PgConnection@297412d4
2025-05-13 00:26:03 - com.zaxxer.hikari.HikariDataSource - HikariPool-1 - Start completed.
2025-05-13 00:26:03 - com.zaxxer.hikari.HikariDataSource - HikariPool-1 - Start completed.
2025-05-13 00:26:03 - org.hibernate.orm.deprecation - HHH90000025: PostgreSQLDialect does not need to be specified explicitly using 'hibernate.dialect' (remove the property setting and it will be selected by default)
2025-05-13 00:26:03 - org.hibernate.orm.deprecation - HHH90000025: PostgreSQLDialect does not need to be specified explicitly using 'hibernate.dialect' (remove the property setting and it will be selected by default)
2025-05-13 00:26:03 - o.hibernate.orm.connections.pooling - HHH10001005: Database info:
	Database JDBC URL [Connecting through datasource 'HikariDataSource (HikariPool-1)']
	Database driver: undefined/unknown
	Database version: 15.8
	Autocommit mode: undefined/unknown
	Isolation level: undefined/unknown
	Minimum pool size: undefined/unknown
	Maximum pool size: undefined/unknown
2025-05-13 00:26:03 - o.hibernate.orm.connections.pooling - HHH10001005: Database info:
	Database JDBC URL [Connecting through datasource 'HikariDataSource (HikariPool-1)']
	Database driver: undefined/unknown
	Database version: 15.8
	Autocommit mode: undefined/unknown
	Isolation level: undefined/unknown
	Minimum pool size: undefined/unknown
	Maximum pool size: undefined/unknown
2025-05-13 00:26:03 - o.h.m.i.EntityInstantiatorPojoStandard - HHH000182: No default (no-argument) constructor for class: org.piyush.Stackoverflow.entity.Users (class must be instantiated by Interceptor)
2025-05-13 00:26:03 - o.h.m.i.EntityInstantiatorPojoStandard - HHH000182: No default (no-argument) constructor for class: org.piyush.Stackoverflow.entity.Users (class must be instantiated by Interceptor)
2025-05-13 00:26:03 - o.h.e.t.j.p.i.JtaPlatformInitiator - HHH000489: No JTA platform available (set 'hibernate.transaction.jta.platform' to enable JTA platform integration)
2025-05-13 00:26:03 - o.h.e.t.j.p.i.JtaPlatformInitiator - HHH000489: No JTA platform available (set 'hibernate.transaction.jta.platform' to enable JTA platform integration)
2025-05-13 00:26:05 - o.s.o.j.LocalContainerEntityManagerFactoryBean - Initialized JPA EntityManagerFactory for persistence unit 'default'
2025-05-13 00:26:05 - o.s.o.j.LocalContainerEntityManagerFactoryBean - Initialized JPA EntityManagerFactory for persistence unit 'default'
2025-05-13 00:26:06 - o.s.b.d.a.OptionalLiveReloadServer - LiveReload server is running on port 35729
2025-05-13 00:26:06 - o.s.b.d.a.OptionalLiveReloadServer - LiveReload server is running on port 35729
2025-05-13 00:26:06 - o.s.b.a.e.web.EndpointLinksResolver - Exposing 1 endpoint beneath base path '/actuator'
2025-05-13 00:26:06 - o.s.b.a.e.web.EndpointLinksResolver - Exposing 1 endpoint beneath base path '/actuator'
2025-05-13 00:26:06 - o.s.b.w.e.tomcat.TomcatWebServer - Tomcat started on port 8080 (http) with context path '/'
2025-05-13 00:26:06 - o.s.b.w.e.tomcat.TomcatWebServer - Tomcat started on port 8080 (http) with context path '/'
2025-05-13 00:26:06 - o.p.S.StackoverflowApplication - Started StackoverflowApplication in 5.486 seconds (process running for 5.779)
2025-05-13 00:26:06 - o.p.S.StackoverflowApplication - Started StackoverflowApplication in 5.486 seconds (process running for 5.779)
2025-05-13 00:26:06 - o.p.S.StackoverflowApplication - Application started successfully
2025-05-13 00:26:06 - o.p.S.StackoverflowApplication - Application started successfully
2025-05-13 00:26:07 - o.a.c.c.C.[Tomcat].[localhost].[/] - Initializing Spring DispatcherServlet 'dispatcherServlet'
2025-05-13 00:26:07 - o.a.c.c.C.[Tomcat].[localhost].[/] - Initializing Spring DispatcherServlet 'dispatcherServlet'
2025-05-13 00:26:07 - o.s.web.servlet.DispatcherServlet - Initializing Servlet 'dispatcherServlet'
2025-05-13 00:26:07 - o.s.web.servlet.DispatcherServlet - Initializing Servlet 'dispatcherServlet'
2025-05-13 00:26:07 - o.s.web.servlet.DispatcherServlet - Completed initialization in 0 ms
2025-05-13 00:26:07 - o.s.web.servlet.DispatcherServlet - Completed initialization in 0 ms
